Windows PowerShell
Copyright (C) Microsoft Corporation. All rights reserved.

Try the new cross-platform PowerShell https://aka.ms/pscore6

PS C:\Users\SID\Documents\My All Document\Node js\nodejs cwh> node "c:\Users\SID\Documents\My All Document\Node js\nodejs cwh\tut69.js"
This is tutorial 69
PS C:\Users\SID\Documents\My All Document\Node js\nodejs cwh> npm

Usage: npm <command>

where <command> is one of:
    access, adduser, audit, bin, bugs, c, cache, ci, cit,  
    clean-install, clean-install-test, completion, config, 
    create, ddp, dedupe, deprecate, dist-tag, docs, doctor,
    edit, explore, fund, get, help, help-search, hook, i, init,
    install, install-ci-test, install-test, it, link, list, ln,
    login, logout, ls, org, outdated, owner, pack, ping, prefix,
    profile, prune, publish, rb, rebuild, repo, restart, root,
    run, run-script, s, se, search, set, shrinkwrap, star,
    stars, start, stop, t, team, test, token, tst, un,
    whoami
npm <command> -h  quick help on <command>
npm help npm      involved overview

Specify configs in the ini-formatted file:
    C:\Users\SID\.npmrc
or on the command line via: npm <command> --key value
Config info can be viewed via: npm help config

npm@6.14.10 C:\Program Files\nodejs\node_modules\npm
PS C:\Users\SID\Documents\My All Document\Node js\nodejs cwh> npm --version
6.14.10
PS C:\Users\SID\Documents\My All Document\Node js\nodejs cwh> node --version
v14.15.4
PS C:\Users\SID\Documents\My All Document\Node js\nodejs cwh> cd tut69
PS C:\Users\SID\Documents\My All Document\Node js\nodejs cwh\tut69> npm init
This utility will walk you through creating a package.json file.
It only covers the most common items, and tries to guess sensible defaults.

See `npm help init` for definitive documentation on these fields
and exactly what they do.

Use `npm install <pkg>` afterwards to install a package and
save it as a dependency in the package.json file.

Press ^C at any time to quit.
package name: (tut69)
version: (1.0.0)
description: This is the first package i have built.
entry point: (tut69.js)
test command:
git repository:
keywords: awesome
author: Siddhartha
license: (ISC)
About to write to C:\Users\SID\Documents\My All Document\Node js\nodejs cwh\tut69\package.json:

{
  "name": "tut69",
  "version": "1.0.0",
  "description": "This is the first package i have built.",
  "main": "tut69.js",
  "scripts": {
    "test": "echo \"Error: no test specified\" && exit 1"
  },
  "keywords": [
    "awesome"
  ],
  "license": "ISC"
}


Is this OK? (yes)
PS C:\Users\SID\Documents\My All Document\Node js\nodejs cwh\tut69> npm install slugify
npm WARN tut69@1.0.0 No repository field.

+ slugify@1.4.6
added 1 package from 1 contributor and audited 1 package in 2.012s
found 0 vulnerabilities
PS C:\Users\SID\Documents\My All Document\Node js\nodejs cwh\tut69> npm install express
npm WARN tut69@1.0.0 No repository field.

+ express@4.17.1
added 50 packages from 37 contributors and audited 51 packages in 14.181s
found 0 vulnerabilities
PS C:\Users\SID\Documents\My All Document\Node js\nodejs cwh\tut69> npm uninstall express
npm WARN tut69@1.0.0 No repository field.

removed 50 packages and audited 1 package in 2.428s
found 0 vulnerabilities

PS C:\Users\SID\Documents\My All Document\Node js\nodejs cwh\tut69> npm install slugify@1.3.5
npm WARN tut69@1.0.0 No repository field.

+ slugify@1.3.5
updated 1 package and audited 1 package in 1.676s
found 0 vulnerabilities

PS C:\Users\SID\Documents\My All Document\Node js\nodejs cwh\tut69> npm install nodemon --save-dev

> nodemon@2.0.6 postinstall C:\Users\SID\Documents\My All Document\Node js\nodejs cwh\tut69\node_modules\nodemon
> node bin/postinstall || exit 0

Love nodemon? You can now support the project via the open collective:
 > https://opencollective.com/nodemon/donate
npm WARN optional SKIPPING OPTIONAL DEPENDENCY: fsevents@~2.3.1 (node_modules\chokidar\node_modules\fsevents):
npm WARN notsup SKIPPING OPTIONAL DEPENDENCY: Unsupported platform for fsevents@2.3.1: wanted {"os":"darwin","arch":"any"} (current: {"os":"win32","arch":"x64"})
npm WARN tut69@1.0.0 No repository field.

+ nodemon@2.0.6
added 119 packages from 53 contributors and audited 121 packages in 32.053s

  run `npm fund` for details

found 0 vulnerabilities

PS C:\Users\SID\Documents\My All Document\Node js\nodejs cwh\tut69> nodemon .\tut69.js
nodemon : The term 'nodemon' is not recognized as the name of a cmdlet, function, script file, or operable program. Check the spelling of the     
name, or if a path was included, verify that the path is correct and try again.
At line:1 char:1
+ nodemon .\tut69.js
+ ~~~~~~~
    + CategoryInfo          : ObjectNotFound: (nodemon:String) [], CommandNotFoundException
 
PS C:\Users\SID\Documents\My All Document\Node js\nodejs cwh\tut69> npm install nodemon --global
C:\Users\SID\AppData\Roaming\npm\nodemon -> C:\Users\SID\AppData\Roaming\npm\node_modules\nodemon\bin\nodemon.js

> nodemon@2.0.6 postinstall C:\Users\SID\AppData\Roaming\npm\node_modules\nodemon
> node bin/postinstall || exit 0

npm WARN notsup SKIPPING OPTIONAL DEPENDENCY: Unsupported platform for fsevents@2.3.1: wanted {"os":"darwin","arch":"any"} (current: {"os":"win32","arch":"x64"})

+ nodemon@2.0.6
added 119 packages from 53 contributors in 15.908s
PS C:\Users\SID\Documents\My All Document\Node js\nodejs cwh\tut69> nodemon .\tut69.js
nodemon : File C:\Users\SID\AppData\Roaming\npm\nodemon.ps1 cannot be loaded because running scripts is disabled on this system. For more         
At line:1 char:1
+ nodemon .\tut69.js
+ ~~~~~~~
    + CategoryInfo          : SecurityError: (:) [], PSSecurityException
    + FullyQualifiedErrorId : UnauthorizedAccess
PS C:\Users\SID\Documents\My All Document\Node js\nodejs cwh\tut69> nodemon .\tut69.js
nodemon : File C:\Users\SID\AppData\Roaming\npm\nodemon.ps1 cannot be loaded because running scripts is disabled on this system. For more         
information, see about_Execution_Policies at https:/go.microsoft.com/fwlink/?LinkID=135170.
At line:1 char:1
+ nodemon .\tut69.js
+ ~~~~~~~
    + CategoryInfo          : SecurityError: (:) [], PSSecurityException
    + FullyQualifiedErrorId : UnauthorizedAccess
PS C:\Users\SID\Documents\My All Document\Node js\nodejs cwh\tut69> npm viev nodemon version

Usage: npm <command>

where <command> is one of:
    access, adduser, audit, bin, bugs, c, cache, ci, cit,
    clean-install, clean-install-test, completion, config,
    create, ddp, dedupe, deprecate, dist-tag, docs, doctor,
    edit, explore, fund, get, help, help-search, hook, i, init,
    install, install-ci-test, install-test, it, link, list, ln,
    login, logout, ls, org, outdated, owner, pack, ping, prefix,
    profile, prune, publish, rb, rebuild, repo, restart, root,
    run, run-script, s, se, search, set, shrinkwrap, star,
    stars, start, stop, t, team, test, token, tst, un,
    uninstall, unpublish, unstar, up, update, v, version, view,
    whoami

npm -l            display full usage info
npm help npm      involved overview

Specify configs in the ini-formatted file:
    C:\Users\SID\.npmrc
or on the command line via: npm <command> --key value
Config info can be viewed via: npm help config


Did you mean this?
    view
PS C:\Users\SID\Documents\My All Document\Node js\nodejs cwh\tut69> npm view nodemon version
2.0.6
PS C:\Users\SID\Documents\My All Document\Node js\nodejs cwh\tut69> nodemon .\tut69.js
nodemon : File C:\Users\SID\AppData\Roaming\npm\nodemon.ps1 cannot be loaded because running scripts is disabled on this system. For more         
information, see about_Execution_Policies at https:/go.microsoft.com/fwlink/?LinkID=135170.
At line:1 char:1
+ nodemon .\tut69.js
+ ~~~~~~~
    + CategoryInfo          : SecurityError: (:) [], PSSecurityException
    + FullyQualifiedErrorId : UnauthorizedAccess
PS C:\Users\SID\Documents\My All Document\Node js\nodejs cwh\tut69> nodemon .\tut69.js
[nodemon] 2.0.6
[nodemon] to restart at any time, enter `rs`
[nodemon] watching path(s): *.*
[nodemon] watching extensions: js,mjs,json
[nodemon] starting `node .\tut69.js`
This is tutorial 69
[nodemon] clean exit - waiting for changes before restart
[nodemon] restarting due to changes...
[nodemon] starting `node .\tut69.js`
[nodemon] restarting due to changes...
This is tutorial 69.0.0
[nodemon] starting `node .\tut69.js`
This is tutorial 69.0.0
[nodemon] clean exit - waiting for changes before restart
.exit
PS C:\Users\SID\Documents\My All Document\Node js\nodejs cwh\tut69> nodemon .\tut69.js